#./src/main/resources/Entities.map
#Fri Feb 22 21:18:08 CET 2019
socialProfile5=786
socialProfile4=785
message3=756
socialProfile3=752
message2=757
socialProfile2=751
message1=755
socialProfile1=750
spamboxSystem=741
configuration1=760
folder1Brotherhood2=777
outboxSystem=739
enroll2=782
folder1Brotherhood1=773
enroll1=781
folder4Brotherhood2=780
folder4Brotherhood1=776
area2=764
brotherhood2=754
member2=759
area1=763
brotherhood1=753
member1=758
folder3Brotherhood2=779
folder3Brotherhood1=775
march2=790
march1=789
procession2=788
procession1=787
administrator2=736
administrator1=735
folder1Admin2=746
folder3Admin2=748
folder1Admin1=742
folder2Admin2=747
folder3Admin1=744
folder2Admin1=743
folder4Admin2=749
folder4Admin1=745
userAccount6=733
userAccount5=732
trashboxSystem=740
folder1Member2=769
userAccount4=731
folder1Member1=765
userAccount3=730
userAccount2=729
userAccount1=728
dFloat2=784
dFloat1=783
folder2Brotherhood2=778
folder2Member2=770
folder2Brotherhood1=774
folder2Member1=766
inboxSystem=738
folder3Member2=771
system=737
folder3Member1=767
folder4Member2=772
folder4Member1=768
finder2=762
finder1=761
userAccountSystem=734
